<?xml version="1.0" encoding="ISO-8859-1" ?>
<link_info>
   <banner>TI ARM Linker PC v20.2.7.LTS</banner>
   <copyright>Copyright (c) 1996-2018 Texas Instruments Incorporated</copyright>
   <link_time>0x6a5243ec</link_time>
   <link_errors>0x0</link_errors>
   <output_file>C:/ti/AM335X_StarterWare_02_00_01_01/binary/armv7a/cgt_ccs/am335x/beaglebone/edma/Debug_EDMA/edmaTest.out</output_file>
   <entry_point>
      <name>Entry</name>
      <address>0x80000000</address>
   </entry_point>
   <input_file_list>
      <input_file id="fl-2">
         <path>.\</path>
         <kind>object</kind>
         <file>edmaTest.obj</file>
         <name>edmaTest.obj</name>
      </input_file>
      <input_file id="fl-a">
         <kind>object</kind>
         <file>&lt;internal&gt;</file>
         <name>&lt;internal&gt;</name>
      </input_file>
      <input_file id="fl-c0">
         <path>C:\ti\AM335X_StarterWare_02_00_01_01\binary\armv7a\cgt_ccs\utils\Debug\</path>
         <kind>archive</kind>
         <file>utils.lib</file>
         <name>consoleUtils.obj</name>
      </input_file>
      <input_file id="fl-c1">
         <path>C:\ti\AM335X_StarterWare_02_00_01_01\binary\armv7a\cgt_ccs\utils\Debug\</path>
         <kind>archive</kind>
         <file>utils.lib</file>
         <name>uartStdio.obj</name>
      </input_file>
      <input_file id="fl-c2">
         <path>C:\ti\AM335X_StarterWare_02_00_01_01\binary\armv7a\cgt_ccs\utils\Debug\</path>
         <kind>archive</kind>
         <file>utils.lib</file>
         <name>ascii.obj</name>
      </input_file>
      <input_file id="fl-c3">
         <path>C:\ti\AM335X_StarterWare_02_00_01_01\binary\armv7a\cgt_ccs\am335x\drivers\Debug\</path>
         <kind>archive</kind>
         <file>drivers.lib</file>
         <name>edma.obj</name>
      </input_file>
      <input_file id="fl-c4">
         <path>C:\ti\AM335X_StarterWare_02_00_01_01\binary\armv7a\cgt_ccs\am335x\system_config\Debug\</path>
         <kind>archive</kind>
         <file>system.lib</file>
         <name>init.obj</name>
      </input_file>
      <input_file id="fl-c5">
         <path>C:\ti\AM335X_StarterWare_02_00_01_01\binary\armv7a\cgt_ccs\am335x\system_config\Debug\</path>
         <kind>archive</kind>
         <file>system.lib</file>
         <name>interrupt.obj</name>
      </input_file>
      <input_file id="fl-c6">
         <path>C:\ti\AM335X_StarterWare_02_00_01_01\binary\armv7a\cgt_ccs\am335x\system_config\Debug\</path>
         <kind>archive</kind>
         <file>system.lib</file>
         <name>startup.obj</name>
      </input_file>
      <input_file id="fl-c7">
         <path>C:\ti\AM335X_StarterWare_02_00_01_01\binary\armv7a\cgt_ccs\am335x\system_config\Debug\</path>
         <kind>archive</kind>
         <file>system.lib</file>
         <name>cp15.obj</name>
      </input_file>
      <input_file id="fl-c8">
         <path>C:\ti\AM335X_StarterWare_02_00_01_01\binary\armv7a\cgt_ccs\am335x\system_config\Debug\</path>
         <kind>archive</kind>
         <file>system.lib</file>
         <name>cpu.obj</name>
      </input_file>
      <input_file id="fl-c9">
         <path>C:\ti\AM335X_StarterWare_02_00_01_01\binary\armv7a\cgt_ccs\am335x\system_config\Debug\</path>
         <kind>archive</kind>
         <file>system.lib</file>
         <name>exceptionhandler.obj</name>
      </input_file>
      <input_file id="fl-ca">
         <path>C:\ti\AM335X_StarterWare_02_00_01_01\binary\armv7a\cgt_ccs\am335x\beaglebone\platform\Debug\</path>
         <kind>archive</kind>
         <file>platform.lib</file>
         <name>edma.obj</name>
      </input_file>
      <input_file id="fl-cb">
         <path>C:\ti\AM335X_StarterWare_02_00_01_01\binary\armv7a\cgt_ccs\am335x\beaglebone\platform\Debug\</path>
         <kind>archive</kind>
         <file>platform.lib</file>
         <name>uartConsole.obj</name>
      </input_file>
      <input_file id="fl-cc">
         <path>C:\ti\AM335X_StarterWare_02_00_01_01\binary\armv7a\cgt_ccs\am335x\beaglebone\platform\Debug\</path>
         <kind>archive</kind>
         <file>platform.lib</file>
         <name>uart.obj</name>
      </input_file>
      <input_file id="fl-cd">
         <path>C:\ti\ccs1281\ccs\tools\compiler\ti-cgt-arm_20.2.7.LTS\lib\</path>
         <kind>archive</kind>
         <file>rtsv7A8_A_le_eabi.lib</file>
         <name>memset32.asm.obj</name>
      </input_file>
      <input_file id="fl-ce">
         <path>C:\ti\ccs1281\ccs\tools\compiler\ti-cgt-arm_20.2.7.LTS\lib\</path>
         <kind>archive</kind>
         <file>rtsv7A8_A_le_eabi.lib</file>
         <name>u_div32.asm.obj</name>
      </input_file>
      <input_file id="fl-cf">
         <path>C:\ti\ccs1281\ccs\tools\compiler\ti-cgt-arm_20.2.7.LTS\lib\</path>
         <kind>archive</kind>
         <file>rtsv7A8_A_le_eabi.lib</file>
         <name>boot_non_cortex_m.asm.obj</name>
      </input_file>
      <input_file id="fl-d0">
         <path>C:\ti\ccs1281\ccs\tools\compiler\ti-cgt-arm_20.2.7.LTS\lib\</path>
         <kind>archive</kind>
         <file>rtsv7A8_A_le_eabi.lib</file>
         <name>mpu_init.c.obj</name>
      </input_file>
      <input_file id="fl-d1">
         <path>C:\ti\ccs1281\ccs\tools\compiler\ti-cgt-arm_20.2.7.LTS\lib\</path>
         <kind>archive</kind>
         <file>rtsv7A8_A_le_eabi.lib</file>
         <name>autoinit.c.obj</name>
      </input_file>
      <input_file id="fl-d2">
         <path>C:\ti\ccs1281\ccs\tools\compiler\ti-cgt-arm_20.2.7.LTS\lib\</path>
         <kind>archive</kind>
         <file>rtsv7A8_A_le_eabi.lib</file>
         <name>pre_init.c.obj</name>
      </input_file>
      <input_file id="fl-d3">
         <path>C:\ti\ccs1281\ccs\tools\compiler\ti-cgt-arm_20.2.7.LTS\lib\</path>
         <kind>archive</kind>
         <file>rtsv7A8_A_le_eabi.lib</file>
         <name>cpy_tbl.c.obj</name>
      </input_file>
      <input_file id="fl-d4">
         <path>C:\ti\ccs1281\ccs\tools\compiler\ti-cgt-arm_20.2.7.LTS\lib\</path>
         <kind>archive</kind>
         <file>rtsv7A8_A_le_eabi.lib</file>
         <name>exit.c.obj</name>
      </input_file>
      <input_file id="fl-d5">
         <path>C:\ti\ccs1281\ccs\tools\compiler\ti-cgt-arm_20.2.7.LTS\lib\</path>
         <kind>archive</kind>
         <file>rtsv7A8_A_le_eabi.lib</file>
         <name>_lock.c.obj</name>
      </input_file>
      <input_file id="fl-d6">
         <path>C:\ti\ccs1281\ccs\tools\compiler\ti-cgt-arm_20.2.7.LTS\lib\</path>
         <kind>archive</kind>
         <file>rtsv7A8_A_le_eabi.lib</file>
         <name>args_main.c.obj</name>
      </input_file>
      <input_file id="fl-d7">
         <path>C:\ti\ccs1281\ccs\tools\compiler\ti-cgt-arm_20.2.7.LTS\lib\</path>
         <kind>archive</kind>
         <file>rtsv7A8_A_le_eabi.lib</file>
         <name>div0.asm.obj</name>
      </input_file>
      <input_file id="fl-d8">
         <path>C:\ti\ccs1281\ccs\tools\compiler\ti-cgt-arm_20.2.7.LTS\lib\</path>
         <kind>archive</kind>
         <file>rtsv7A8_A_le_eabi.lib</file>
         <name>memcpy32.asm.obj</name>
      </input_file>
      <input_file id="fl-d9">
         <path>C:\ti\AM335X_StarterWare_02_00_01_01\binary\armv7a\cgt_ccs\am335x\drivers\Debug\</path>
         <kind>archive</kind>
         <file>drivers.lib</file>
         <name>uart_irda_cir.obj</name>
      </input_file>
   </input_file_list>
   <object_component_list>
      <object_component id="oc-c">
         <name>.text:Entry</name>
         <load_address>0x80000000</load_address>
         <run_address>0x80000000</run_address>
         <size>0xc8</size>
         <input_file_ref idref="fl-c4"/>
      </object_component>
      <object_component id="oc-163">
         <name>.tramp.__TI_auto_init_nobinit_nopinit.1</name>
         <load_address>0x800000c8</load_address>
         <run_address>0x800000c8</run_address>
         <size>0x8</size>
         <input_file_ref idref="fl-d1"/>
      </object_component>
      <object_component id="oc-11e">
         <name>.text</name>
         <load_address>0x800000d0</load_address>
         <run_address>0x800000d0</run_address>
         <size>0x1d10</size>
         <input_file_ref idref="fl-d9"/>
      </object_component>
      <object_component id="oc-b6">
         <name>.text</name>
         <load_address>0x80001de0</load_address>
         <run_address>0x80001de0</run_address>
         <size>0x19d8</size>
         <input_file_ref idref="fl-c1"/>
      </object_component>
      <object_component id="oc-7c">
         <name>.text</name>
         <load_address>0x800037b8</load_address>
         <run_address>0x800037b8</run_address>
         <size>0x18f4</size>
         <input_file_ref idref="fl-c3"/>
      </object_component>
      <object_component id="oc-4c">
         <name>.text</name>
         <load_address>0x800050ac</load_address>
         <run_address>0x800050ac</run_address>
         <size>0x924</size>
         <input_file_ref idref="fl-2"/>
      </object_component>
      <object_component id="oc-105">
         <name>.text</name>
         <load_address>0x800059d0</load_address>
         <run_address>0x800059d0</run_address>
         <size>0x638</size>
         <input_file_ref idref="fl-c2"/>
      </object_component>
      <object_component id="oc-52">
         <name>.text</name>
         <load_address>0x80006008</load_address>
         <run_address>0x80006008</run_address>
         <size>0x488</size>
         <input_file_ref idref="fl-c7"/>
      </object_component>
      <object_component id="oc-82">
         <name>.text</name>
         <load_address>0x80006490</load_address>
         <run_address>0x80006490</run_address>
         <size>0x3e4</size>
         <input_file_ref idref="fl-c5"/>
      </object_component>
      <object_component id="oc-70">
         <name>.text</name>
         <load_address>0x80006874</load_address>
         <run_address>0x80006874</run_address>
         <size>0x280</size>
         <input_file_ref idref="fl-c0"/>
      </object_component>
      <object_component id="oc-124">
         <name>.text</name>
         <load_address>0x80006af4</load_address>
         <run_address>0x80006af4</run_address>
         <size>0x270</size>
         <input_file_ref idref="fl-cc"/>
      </object_component>
      <object_component id="oc-76">
         <name>.text</name>
         <load_address>0x80006d64</load_address>
         <run_address>0x80006d64</run_address>
         <size>0x22c</size>
         <input_file_ref idref="fl-ca"/>
      </object_component>
      <object_component id="oc-f5">
         <name>.text</name>
         <load_address>0x80006f90</load_address>
         <run_address>0x80006f90</run_address>
         <size>0x14c</size>
         <input_file_ref idref="fl-cb"/>
      </object_component>
      <object_component id="oc-95">
         <name>.text</name>
         <load_address>0x800070dc</load_address>
         <run_address>0x800070dc</run_address>
         <size>0x10c</size>
         <input_file_ref idref="fl-c9"/>
      </object_component>
      <object_component id="oc-100">
         <name>.text</name>
         <load_address>0x800071e8</load_address>
         <run_address>0x800071e8</run_address>
         <size>0xf0</size>
         <input_file_ref idref="fl-ce"/>
      </object_component>
      <object_component id="oc-fb">
         <name>.text</name>
         <load_address>0x800072d8</load_address>
         <run_address>0x800072d8</run_address>
         <size>0xb0</size>
         <input_file_ref idref="fl-cd"/>
      </object_component>
      <object_component id="oc-15">
         <name>.text</name>
         <load_address>0x80007388</load_address>
         <run_address>0x80007388</run_address>
         <size>0x7c</size>
         <input_file_ref idref="fl-c6"/>
      </object_component>
      <object_component id="oc-1c">
         <name>.text:__TI_auto_init_nobinit_nopinit:__TI_auto_init_nobinit_nopinit</name>
         <load_address>0x80007404</load_address>
         <run_address>0x80007404</run_address>
         <size>0x68</size>
         <input_file_ref idref="fl-d1"/>
      </object_component>
      <object_component id="oc-d0">
         <name>.text</name>
         <load_address>0x8000746c</load_address>
         <run_address>0x8000746c</run_address>
         <size>0x60</size>
         <input_file_ref idref="fl-c8"/>
      </object_component>
      <object_component id="oc-d6">
         <name>.text:CPUIntStatus</name>
         <load_address>0x800074cc</load_address>
         <run_address>0x800074cc</run_address>
         <size>0xc</size>
         <input_file_ref idref="fl-c8"/>
      </object_component>
      <object_component id="oc-12c">
         <name>.text</name>
         <load_address>0x800074d8</load_address>
         <run_address>0x800074d8</run_address>
         <size>0x4</size>
         <input_file_ref idref="fl-d7"/>
      </object_component>
      <object_component id="oc-bc">
         <name>.bss</name>
         <uninitialized>true</uninitialized>
         <run_address>0x80007814</run_address>
         <size>0x1</size>
         <input_file_ref idref="fl-c0"/>
      </object_component>
      <object_component id="oc-8c">
         <name>.common:EDMAAppCallbackFxn</name>
         <uninitialized>true</uninitialized>
         <run_address>0x80007700</run_address>
         <size>0x100</size>
      </object_component>
      <object_component id="oc-88">
         <name>.common:IrqRaised</name>
         <uninitialized>true</uninitialized>
         <run_address>0x8000780c</run_address>
         <size>0x4</size>
      </object_component>
      <object_component id="oc-8b">
         <name>.common:SrcBuff</name>
         <uninitialized>true</uninitialized>
         <run_address>0x80007840</run_address>
         <size>0xc</size>
      </object_component>
      <object_component id="oc-8d">
         <name>.common:DstBuff</name>
         <uninitialized>true</uninitialized>
         <run_address>0x80007800</run_address>
         <size>0xc</size>
      </object_component>
      <object_component id="oc-cc">
         <name>.common:regionId</name>
         <uninitialized>true</uninitialized>
         <run_address>0x80007810</run_address>
         <size>0x4</size>
      </object_component>
      <object_component id="oc-d7">
         <name>.common:fnRAMVectors</name>
         <uninitialized>true</uninitialized>
         <run_address>0x80007500</run_address>
         <size>0x200</size>
      </object_component>
      <object_component id="oc-57">
         <name>.const:vecTbl</name>
         <load_address>0x8000784c</load_address>
         <run_address>0x8000784c</run_address>
         <size>0x38</size>
         <input_file_ref idref="fl-c6"/>
      </object_component>
      <object_component id="oc-134">
         <name>.const:.string</name>
         <load_address>0x80007884</load_address>
         <run_address>0x80007884</run_address>
         <size>0x14</size>
         <input_file_ref idref="fl-c1"/>
      </object_component>
      <object_component id="oc-10b">
         <name>.const</name>
         <load_address>0x80007898</load_address>
         <run_address>0x80007898</run_address>
         <size>0x4</size>
         <input_file_ref idref="fl-c1"/>
      </object_component>
      <object_component id="oc-13">
         <name>.stack</name>
         <uninitialized>true</uninitialized>
         <run_address>0x87fffff0</run_address>
         <size>0x0</size>
         <input_file_ref idref="fl-cf"/>
      </object_component>
      <object_component id="oc-162">
         <name>.stack</name>
         <uninitialized>true</uninitialized>
         <run_address>0x87fffff0</run_address>
         <size>0x0</size>
      </object_component>
      <object_component id="oc-89">
         <name>.debug_info</name>
         <load_address>0x0</load_address>
         <run_address>0x0</run_address>
         <size>0x888</size>
         <input_file_ref idref="fl-2"/>
      </object_component>
      <object_component id="oc-4f">
         <name>.debug_info</name>
         <load_address>0x888</load_address>
         <run_address>0x888</run_address>
         <size>0x9f1</size>
         <input_file_ref idref="fl-2"/>
      </object_component>
      <object_component id="oc-dd">
         <name>.debug_info</name>
         <load_address>0x1279</load_address>
         <run_address>0x1279</run_address>
         <size>0x26b</size>
         <input_file_ref idref="fl-2"/>
      </object_component>
      <object_component id="oc-8f">
         <name>.debug_info</name>
         <load_address>0x14e4</load_address>
         <run_address>0x14e4</run_address>
         <size>0x256</size>
         <input_file_ref idref="fl-2"/>
      </object_component>
      <object_component id="oc-5b">
         <name>.debug_info</name>
         <load_address>0x173a</load_address>
         <run_address>0x173a</run_address>
         <size>0x84</size>
         <input_file_ref idref="fl-2"/>
      </object_component>
      <object_component id="oc-114">
         <name>.debug_info</name>
         <load_address>0x17be</load_address>
         <run_address>0x17be</run_address>
         <size>0x2a4</size>
         <input_file_ref idref="fl-2"/>
      </object_component>
      <object_component id="oc-c6">
         <name>.debug_info</name>
         <load_address>0x1a62</load_address>
         <run_address>0x1a62</run_address>
         <size>0x2c</size>
         <input_file_ref idref="fl-2"/>
      </object_component>
      <object_component id="oc-c0">
         <name>.debug_info</name>
         <load_address>0x1a8e</load_address>
         <run_address>0x1a8e</run_address>
         <size>0x48</size>
         <input_file_ref idref="fl-2"/>
      </object_component>
      <object_component id="oc-e2">
         <name>.debug_info</name>
         <load_address>0x1ad6</load_address>
         <run_address>0x1ad6</run_address>
         <size>0xba</size>
         <input_file_ref idref="fl-2"/>
      </object_component>
      <object_component id="oc-c5">
         <name>.debug_info</name>
         <load_address>0x1b90</load_address>
         <run_address>0x1b90</run_address>
         <size>0x297</size>
         <input_file_ref idref="fl-c0"/>
      </object_component>
      <object_component id="oc-bd">
         <name>.debug_info</name>
         <load_address>0x1e27</load_address>
         <run_address>0x1e27</run_address>
         <size>0x11a</size>
         <input_file_ref idref="fl-c0"/>
      </object_component>
      <object_component id="oc-73">
         <name>.debug_info</name>
         <load_address>0x1f41</load_address>
         <run_address>0x1f41</run_address>
         <size>0x956</size>
         <input_file_ref idref="fl-c0"/>
      </object_component>
      <object_component id="oc-10f">
         <name>.debug_info</name>
         <load_address>0x2897</load_address>
         <run_address>0x2897</run_address>
         <size>0x297</size>
         <input_file_ref idref="fl-c1"/>
      </object_component>
      <object_component id="oc-10c">
         <name>.debug_info</name>
         <load_address>0x2b2e</load_address>
         <run_address>0x2b2e</run_address>
         <size>0x10f</size>
         <input_file_ref idref="fl-c1"/>
      </object_component>
      <object_component id="oc-b8">
         <name>.debug_info</name>
         <load_address>0x2c3d</load_address>
         <run_address>0x2c3d</run_address>
         <size>0x172a</size>
         <input_file_ref idref="fl-c1"/>
      </object_component>
      <object_component id="oc-133">
         <name>.debug_info</name>
         <load_address>0x4367</load_address>
         <run_address>0x4367</run_address>
         <size>0x15f</size>
         <input_file_ref idref="fl-c2"/>
      </object_component>
      <object_component id="oc-109">
         <name>.debug_info</name>
         <load_address>0x44c6</load_address>
         <run_address>0x44c6</run_address>
         <size>0x8c8</size>
         <input_file_ref idref="fl-c2"/>
      </object_component>
      <object_component id="oc-cd">
         <name>.debug_info</name>
         <load_address>0x4d8e</load_address>
         <run_address>0x4d8e</run_address>
         <size>0x23d</size>
         <input_file_ref idref="fl-c3"/>
      </object_component>
      <object_component id="oc-7d">
         <name>.debug_info</name>
         <load_address>0x4fcb</load_address>
         <run_address>0x4fcb</run_address>
         <size>0x3498</size>
         <input_file_ref idref="fl-c3"/>
      </object_component>
      <object_component id="oc-d">
         <name>.debug_info</name>
         <load_address>0x8463</load_address>
         <run_address>0x8463</run_address>
         <size>0x18a</size>
         <input_file_ref idref="fl-c4"/>
      </object_component>
      <object_component id="oc-d8">
         <name>.debug_info</name>
         <load_address>0x85ed</load_address>
         <run_address>0x85ed</run_address>
         <size>0x4bc</size>
         <input_file_ref idref="fl-c5"/>
      </object_component>
      <object_component id="oc-84">
         <name>.debug_info</name>
         <load_address>0x8aa9</load_address>
         <run_address>0x8aa9</run_address>
         <size>0x1fa6</size>
         <input_file_ref idref="fl-c5"/>
      </object_component>
      <object_component id="oc-60">
         <name>.debug_info</name>
         <load_address>0xaa4f</load_address>
         <run_address>0xaa4f</run_address>
         <size>0x517</size>
         <input_file_ref idref="fl-c6"/>
      </object_component>
      <object_component id="oc-58">
         <name>.debug_info</name>
         <load_address>0xaf66</load_address>
         <run_address>0xaf66</run_address>
         <size>0x130</size>
         <input_file_ref idref="fl-c6"/>
      </object_component>
      <object_component id="oc-17">
         <name>.debug_info</name>
         <load_address>0xb096</load_address>
         <run_address>0xb096</run_address>
         <size>0x328</size>
         <input_file_ref idref="fl-c6"/>
      </object_component>
      <object_component id="oc-53">
         <name>.debug_info</name>
         <load_address>0xb3be</load_address>
         <run_address>0xb3be</run_address>
         <size>0x28f</size>
         <input_file_ref idref="fl-c7"/>
      </object_component>
      <object_component id="oc-d2">
         <name>.debug_info</name>
         <load_address>0xb64d</load_address>
         <run_address>0xb64d</run_address>
         <size>0x654</size>
         <input_file_ref idref="fl-c8"/>
      </object_component>
      <object_component id="oc-97">
         <name>.debug_info</name>
         <load_address>0xbca1</load_address>
         <run_address>0xbca1</run_address>
         <size>0x1a5</size>
         <input_file_ref idref="fl-c9"/>
      </object_component>
      <object_component id="oc-77">
         <name>.debug_info</name>
         <load_address>0xbe46</load_address>
         <run_address>0xbe46</run_address>
         <size>0x449</size>
         <input_file_ref idref="fl-ca"/>
      </object_component>
      <object_component id="oc-f8">
         <name>.debug_info</name>
         <load_address>0xc28f</load_address>
         <run_address>0xc28f</run_address>
         <size>0x93a</size>
         <input_file_ref idref="fl-cb"/>
      </object_component>
      <object_component id="oc-128">
         <name>.debug_info</name>
         <load_address>0xcbc9</load_address>
         <run_address>0xcbc9</run_address>
         <size>0x2db</size>
         <input_file_ref idref="fl-cc"/>
      </object_component>
      <object_component id="oc-fe">
         <name>.debug_info</name>
         <load_address>0xcea4</load_address>
         <run_address>0xcea4</run_address>
         <size>0x11a</size>
         <input_file_ref idref="fl-cd"/>
      </object_component>
      <object_component id="oc-103">
         <name>.debug_info</name>
         <load_address>0xcfbe</load_address>
         <run_address>0xcfbe</run_address>
         <size>0x116</size>
         <input_file_ref idref="fl-ce"/>
      </object_component>
      <object_component id="oc-62">
         <name>.debug_info</name>
         <load_address>0xd0d4</load_address>
         <run_address>0xd0d4</run_address>
         <size>0x353</size>
         <input_file_ref idref="fl-d1"/>
      </object_component>
      <object_component id="oc-1d">
         <name>.debug_info</name>
         <load_address>0xd427</load_address>
         <run_address>0xd427</run_address>
         <size>0x174</size>
         <input_file_ref idref="fl-d1"/>
      </object_component>
      <object_component id="oc-a0">
         <name>.debug_info</name>
         <load_address>0xd59b</load_address>
         <run_address>0xd59b</run_address>
         <size>0x39</size>
         <input_file_ref idref="fl-d1"/>
      </object_component>
      <object_component id="oc-e8">
         <name>.debug_info</name>
         <load_address>0xd5d4</load_address>
         <run_address>0xd5d4</run_address>
         <size>0x39</size>
         <input_file_ref idref="fl-d1"/>
      </object_component>
      <object_component id="oc-a5">
         <name>.debug_info</name>
         <load_address>0xd60d</load_address>
         <run_address>0xd60d</run_address>
         <size>0x39</size>
         <input_file_ref idref="fl-d1"/>
      </object_component>
      <object_component id="oc-aa">
         <name>.debug_info</name>
         <load_address>0xd646</load_address>
         <run_address>0xd646</run_address>
         <size>0xcd</size>
         <input_file_ref idref="fl-d1"/>
      </object_component>
      <object_component id="oc-12f">
         <name>.debug_info</name>
         <load_address>0xd713</load_address>
         <run_address>0xd713</run_address>
         <size>0xe3</size>
         <input_file_ref idref="fl-d7"/>
      </object_component>
      <object_component id="oc-13a">
         <name>.debug_info</name>
         <load_address>0xd7f6</load_address>
         <run_address>0xd7f6</run_address>
         <size>0x177</size>
         <input_file_ref idref="fl-d9"/>
      </object_component>
      <object_component id="oc-11f">
         <name>.debug_info</name>
         <load_address>0xd96d</load_address>
         <run_address>0xd96d</run_address>
         <size>0x63a3</size>
         <input_file_ref idref="fl-d9"/>
      </object_component>
      <object_component id="oc-17a">
         <name>.debug_info</name>
         <load_address>0x13d10</load_address>
         <run_address>0x13d10</run_address>
         <size>0x10b</size>
      </object_component>
      <object_component id="oc-dc">
         <name>.debug_line</name>
         <load_address>0x0</load_address>
         <run_address>0x0</run_address>
         <size>0x13c</size>
         <input_file_ref idref="fl-2"/>
      </object_component>
      <object_component id="oc-4d">
         <name>.debug_line</name>
         <load_address>0x13c</load_address>
         <run_address>0x13c</run_address>
         <size>0x2e2</size>
         <input_file_ref idref="fl-2"/>
      </object_component>
      <object_component id="oc-e0">
         <name>.debug_line</name>
         <load_address>0x41e</load_address>
         <run_address>0x41e</run_address>
         <size>0x6f</size>
         <input_file_ref idref="fl-2"/>
      </object_component>
      <object_component id="oc-92">
         <name>.debug_line</name>
         <load_address>0x48d</load_address>
         <run_address>0x48d</run_address>
         <size>0x57</size>
         <input_file_ref idref="fl-2"/>
      </object_component>
      <object_component id="oc-5e">
         <name>.debug_line</name>
         <load_address>0x4e4</load_address>
         <run_address>0x4e4</run_address>
         <size>0x20</size>
         <input_file_ref idref="fl-2"/>
      </object_component>
      <object_component id="oc-117">
         <name>.debug_line</name>
         <load_address>0x504</load_address>
         <run_address>0x504</run_address>
         <size>0x73</size>
         <input_file_ref idref="fl-2"/>
      </object_component>
      <object_component id="oc-c9">
         <name>.debug_line</name>
         <load_address>0x577</load_address>
         <run_address>0x577</run_address>
         <size>0x6b</size>
         <input_file_ref idref="fl-2"/>
      </object_component>
      <object_component id="oc-c3">
         <name>.debug_line</name>
         <load_address>0x5e2</load_address>
         <run_address>0x5e2</run_address>
         <size>0x5f</size>
         <input_file_ref idref="fl-2"/>
      </object_component>
      <object_component id="oc-e5">
         <name>.debug_line</name>
         <load_address>0x641</load_address>
         <run_address>0x641</run_address>
         <size>0x6b</size>
         <input_file_ref idref="fl-2"/>
      </object_component>
      <object_component id="oc-113">
         <name>.debug_line</name>
         <load_address>0x6ac</load_address>
         <run_address>0x6ac</run_address>
         <size>0x46</size>
         <input_file_ref idref="fl-c0"/>
      </object_component>
      <object_component id="oc-111">
         <name>.debug_line</name>
         <load_address>0x6f2</load_address>
         <run_address>0x6f2</run_address>
         <size>0x5d</size>
         <input_file_ref idref="fl-c0"/>
      </object_component>
      <object_component id="oc-71">
         <name>.debug_line</name>
         <load_address>0x74f</load_address>
         <run_address>0x74f</run_address>
         <size>0x170</size>
         <input_file_ref idref="fl-c0"/>
      </object_component>
      <object_component id="oc-138">
         <name>.debug_line</name>
         <load_address>0x8bf</load_address>
         <run_address>0x8bf</run_address>
         <size>0x7c</size>
         <input_file_ref idref="fl-c1"/>
      </object_component>
      <object_component id="oc-136">
         <name>.debug_line</name>
         <load_address>0x93b</load_address>
         <run_address>0x93b</run_address>
         <size>0x5a</size>
         <input_file_ref idref="fl-c1"/>
      </object_component>
      <object_component id="oc-b7">
         <name>.debug_line</name>
         <load_address>0x995</load_address>
         <run_address>0x995</run_address>
         <size>0x653</size>
         <input_file_ref idref="fl-c1"/>
      </object_component>
      <object_component id="oc-13e">
         <name>.debug_line</name>
         <load_address>0xfe8</load_address>
         <run_address>0xfe8</run_address>
         <size>0x20</size>
         <input_file_ref idref="fl-c2"/>
      </object_component>
      <object_component id="oc-107">
         <name>.debug_line</name>
         <load_address>0x1008</load_address>
         <run_address>0x1008</run_address>
         <size>0x1d8</size>
         <input_file_ref idref="fl-c2"/>
      </object_component>
      <object_component id="oc-11a">
         <name>.debug_line</name>
         <load_address>0x11e0</load_address>
         <run_address>0x11e0</run_address>
         <size>0x7b</size>
         <input_file_ref idref="fl-c3"/>
      </object_component>
      <object_component id="oc-80">
         <name>.debug_line</name>
         <load_address>0x125b</load_address>
         <run_address>0x125b</run_address>
         <size>0x7e9</size>
         <input_file_ref idref="fl-c3"/>
      </object_component>
      <object_component id="oc-10">
         <name>.debug_line</name>
         <load_address>0x1a44</load_address>
         <run_address>0x1a44</run_address>
         <size>0xa4</size>
         <input_file_ref idref="fl-c4"/>
      </object_component>
      <object_component id="oc-11d">
         <name>.debug_line</name>
         <load_address>0x1ae8</load_address>
         <run_address>0x1ae8</run_address>
         <size>0x9a</size>
         <input_file_ref idref="fl-c5"/>
      </object_component>
      <object_component id="oc-87">
         <name>.debug_line</name>
         <load_address>0x1b82</load_address>
         <run_address>0x1b82</run_address>
         <size>0x3ca</size>
         <input_file_ref idref="fl-c5"/>
      </object_component>
      <object_component id="oc-9d">
         <name>.debug_line</name>
         <load_address>0x1f4c</load_address>
         <run_address>0x1f4c</run_address>
         <size>0x99</size>
         <input_file_ref idref="fl-c6"/>
      </object_component>
      <object_component id="oc-9b">
         <name>.debug_line</name>
         <load_address>0x1fe5</load_address>
         <run_address>0x1fe5</run_address>
         <size>0x6e</size>
         <input_file_ref idref="fl-c6"/>
      </object_component>
      <object_component id="oc-1a">
         <name>.debug_line</name>
         <load_address>0x2053</load_address>
         <run_address>0x2053</run_address>
         <size>0xb7</size>
         <input_file_ref idref="fl-c6"/>
      </object_component>
      <object_component id="oc-56">
         <name>.debug_line</name>
         <load_address>0x210a</load_address>
         <run_address>0x210a</run_address>
         <size>0x196</size>
         <input_file_ref idref="fl-c7"/>
      </object_component>
      <object_component id="oc-d4">
         <name>.debug_line</name>
         <load_address>0x22a0</load_address>
         <run_address>0x22a0</run_address>
         <size>0x11b</size>
         <input_file_ref idref="fl-c8"/>
      </object_component>
      <object_component id="oc-96">
         <name>.debug_line</name>
         <load_address>0x23bb</load_address>
         <run_address>0x23bb</run_address>
         <size>0xc3</size>
         <input_file_ref idref="fl-c9"/>
      </object_component>
      <object_component id="oc-7a">
         <name>.debug_line</name>
         <load_address>0x247e</load_address>
         <run_address>0x247e</run_address>
         <size>0x123</size>
         <input_file_ref idref="fl-ca"/>
      </object_component>
      <object_component id="oc-f6">
         <name>.debug_line</name>
         <load_address>0x25a1</load_address>
         <run_address>0x25a1</run_address>
         <size>0x11a</size>
         <input_file_ref idref="fl-cb"/>
      </object_component>
      <object_component id="oc-126">
         <name>.debug_line</name>
         <load_address>0x26bb</load_address>
         <run_address>0x26bb</run_address>
         <size>0x11d</size>
         <input_file_ref idref="fl-cc"/>
      </object_component>
      <object_component id="oc-fd">
         <name>.debug_line</name>
         <load_address>0x27d8</load_address>
         <run_address>0x27d8</run_address>
         <size>0x73</size>
         <input_file_ref idref="fl-cd"/>
      </object_component>
      <object_component id="oc-101">
         <name>.debug_line</name>
         <load_address>0x284b</load_address>
         <run_address>0x284b</run_address>
         <size>0x75</size>
         <input_file_ref idref="fl-ce"/>
      </object_component>
      <object_component id="oc-9f">
         <name>.debug_line</name>
         <load_address>0x28c0</load_address>
         <run_address>0x28c0</run_address>
         <size>0x8f</size>
         <input_file_ref idref="fl-d1"/>
      </object_component>
      <object_component id="oc-20">
         <name>.debug_line</name>
         <load_address>0x294f</load_address>
         <run_address>0x294f</run_address>
         <size>0x6f</size>
         <input_file_ref idref="fl-d1"/>
      </object_component>
      <object_component id="oc-a3">
         <name>.debug_line</name>
         <load_address>0x29be</load_address>
         <run_address>0x29be</run_address>
         <size>0x2e</size>
         <input_file_ref idref="fl-d1"/>
      </object_component>
      <object_component id="oc-eb">
         <name>.debug_line</name>
         <load_address>0x29ec</load_address>
         <run_address>0x29ec</run_address>
         <size>0x6a</size>
         <input_file_ref idref="fl-d1"/>
      </object_component>
      <object_component id="oc-a8">
         <name>.debug_line</name>
         <load_address>0x2a56</load_address>
         <run_address>0x2a56</run_address>
         <size>0x67</size>
         <input_file_ref idref="fl-d1"/>
      </object_component>
      <object_component id="oc-ad">
         <name>.debug_line</name>
         <load_address>0x2abd</load_address>
         <run_address>0x2abd</run_address>
         <size>0x63</size>
         <input_file_ref idref="fl-d1"/>
      </object_component>
      <object_component id="oc-12d">
         <name>.debug_line</name>
         <load_address>0x2b20</load_address>
         <run_address>0x2b20</run_address>
         <size>0x37</size>
         <input_file_ref idref="fl-d7"/>
      </object_component>
      <object_component id="oc-140">
         <name>.debug_line</name>
         <load_address>0x2b57</load_address>
         <run_address>0x2b57</run_address>
         <size>0x20</size>
         <input_file_ref idref="fl-d9"/>
      </object_component>
      <object_component id="oc-123">
         <name>.debug_line</name>
         <load_address>0x2b77</load_address>
         <run_address>0x2b77</run_address>
         <size>0xa74</size>
         <input_file_ref idref="fl-d9"/>
      </object_component>
      <object_component id="oc-4e">
         <name>.debug_frame</name>
         <load_address>0x0</load_address>
         <run_address>0x0</run_address>
         <size>0xc8</size>
         <input_file_ref idref="fl-2"/>
      </object_component>
      <object_component id="oc-75">
         <name>.debug_frame</name>
         <load_address>0xc8</load_address>
         <run_address>0xc8</run_address>
         <size>0x118</size>
         <input_file_ref idref="fl-c0"/>
      </object_component>
      <object_component id="oc-bb">
         <name>.debug_frame</name>
         <load_address>0x1e0</load_address>
         <run_address>0x1e0</run_address>
         <size>0x1c4</size>
         <input_file_ref idref="fl-c1"/>
      </object_component>
      <object_component id="oc-108">
         <name>.debug_frame</name>
         <load_address>0x3a4</load_address>
         <run_address>0x3a4</run_address>
         <size>0xd0</size>
         <input_file_ref idref="fl-c2"/>
      </object_component>
      <object_component id="oc-81">
         <name>.debug_frame</name>
         <load_address>0x474</load_address>
         <run_address>0x474</run_address>
         <size>0x444</size>
         <input_file_ref idref="fl-c3"/>
      </object_component>
      <object_component id="oc-86">
         <name>.debug_frame</name>
         <load_address>0x8b8</load_address>
         <run_address>0x8b8</run_address>
         <size>0x2f4</size>
         <input_file_ref idref="fl-c5"/>
      </object_component>
      <object_component id="oc-16">
         <name>.debug_frame</name>
         <load_address>0xbac</load_address>
         <run_address>0xbac</run_address>
         <size>0x74</size>
         <input_file_ref idref="fl-c6"/>
      </object_component>
      <object_component id="oc-d5">
         <name>.debug_frame</name>
         <load_address>0xc20</load_address>
         <run_address>0xc20</run_address>
         <size>0xcc</size>
         <input_file_ref idref="fl-c8"/>
      </object_component>
      <object_component id="oc-7b">
         <name>.debug_frame</name>
         <load_address>0xcec</load_address>
         <run_address>0xcec</run_address>
         <size>0x60</size>
         <input_file_ref idref="fl-ca"/>
      </object_component>
      <object_component id="oc-fa">
         <name>.debug_frame</name>
         <load_address>0xd4c</load_address>
         <run_address>0xd4c</run_address>
         <size>0xbc</size>
         <input_file_ref idref="fl-cb"/>
      </object_component>
      <object_component id="oc-127">
         <name>.debug_frame</name>
         <load_address>0xe08</load_address>
         <run_address>0xe08</run_address>
         <size>0x4c</size>
         <input_file_ref idref="fl-cc"/>
      </object_component>
      <object_component id="oc-21">
         <name>.debug_frame</name>
         <load_address>0xe54</load_address>
         <run_address>0xe54</run_address>
         <size>0x3c</size>
         <input_file_ref idref="fl-d1"/>
      </object_component>
      <object_component id="oc-122">
         <name>.debug_frame</name>
         <load_address>0xe90</load_address>
         <run_address>0xe90</run_address>
         <size>0x790</size>
         <input_file_ref idref="fl-d9"/>
      </object_component>
      <object_component id="oc-db">
         <name>.debug_abbrev</name>
         <load_address>0x0</load_address>
         <run_address>0x0</run_address>
         <size>0x11c</size>
         <input_file_ref idref="fl-2"/>
      </object_component>
      <object_component id="oc-8e">
         <name>.debug_abbrev</name>
         <load_address>0x11c</load_address>
         <run_address>0x11c</run_address>
         <size>0x110</size>
         <input_file_ref idref="fl-2"/>
      </object_component>
      <object_component id="oc-df">
         <name>.debug_abbrev</name>
         <load_address>0x22c</load_address>
         <run_address>0x22c</run_address>
         <size>0x69</size>
         <input_file_ref idref="fl-2"/>
      </object_component>
      <object_component id="oc-91">
         <name>.debug_abbrev</name>
         <load_address>0x295</load_address>
         <run_address>0x295</run_address>
         <size>0x72</size>
         <input_file_ref idref="fl-2"/>
      </object_component>
      <object_component id="oc-5d">
         <name>.debug_abbrev</name>
         <load_address>0x307</load_address>
         <run_address>0x307</run_address>
         <size>0x1f</size>
         <input_file_ref idref="fl-2"/>
      </object_component>
      <object_component id="oc-116">
         <name>.debug_abbrev</name>
         <load_address>0x326</load_address>
         <run_address>0x326</run_address>
         <size>0x5c</size>
         <input_file_ref idref="fl-2"/>
      </object_component>
      <object_component id="oc-c8">
         <name>.debug_abbrev</name>
         <load_address>0x382</load_address>
         <run_address>0x382</run_address>
         <size>0x24</size>
         <input_file_ref idref="fl-2"/>
      </object_component>
      <object_component id="oc-c2">
         <name>.debug_abbrev</name>
         <load_address>0x3a6</load_address>
         <run_address>0x3a6</run_address>
         <size>0x33</size>
         <input_file_ref idref="fl-2"/>
      </object_component>
      <object_component id="oc-e4">
         <name>.debug_abbrev</name>
         <load_address>0x3d9</load_address>
         <run_address>0x3d9</run_address>
         <size>0x5c</size>
         <input_file_ref idref="fl-2"/>
      </object_component>
      <object_component id="oc-112">
         <name>.debug_abbrev</name>
         <load_address>0x435</load_address>
         <run_address>0x435</run_address>
         <size>0xb5</size>
         <input_file_ref idref="fl-c0"/>
      </object_component>
      <object_component id="oc-110">
         <name>.debug_abbrev</name>
         <load_address>0x4ea</load_address>
         <run_address>0x4ea</run_address>
         <size>0x27</size>
         <input_file_ref idref="fl-c0"/>
      </object_component>
      <object_component id="oc-bf">
         <name>.debug_abbrev</name>
         <load_address>0x511</load_address>
         <run_address>0x511</run_address>
         <size>0x137</size>
         <input_file_ref idref="fl-c0"/>
      </object_component>
      <object_component id="oc-137">
         <name>.debug_abbrev</name>
         <load_address>0x648</load_address>
         <run_address>0x648</run_address>
         <size>0xc1</size>
         <input_file_ref idref="fl-c1"/>
      </object_component>
      <object_component id="oc-135">
         <name>.debug_abbrev</name>
         <load_address>0x709</load_address>
         <run_address>0x709</run_address>
         <size>0x27</size>
         <input_file_ref idref="fl-c1"/>
      </object_component>
      <object_component id="oc-10e">
         <name>.debug_abbrev</name>
         <load_address>0x730</load_address>
         <run_address>0x730</run_address>
         <size>0x170</size>
         <input_file_ref idref="fl-c1"/>
      </object_component>
      <object_component id="oc-13d">
         <name>.debug_abbrev</name>
         <load_address>0x8a0</load_address>
         <run_address>0x8a0</run_address>
         <size>0x27</size>
         <input_file_ref idref="fl-c2"/>
      </object_component>
      <object_component id="oc-132">
         <name>.debug_abbrev</name>
         <load_address>0x8c7</load_address>
         <run_address>0x8c7</run_address>
         <size>0xab</size>
         <input_file_ref idref="fl-c2"/>
      </object_component>
      <object_component id="oc-119">
         <name>.debug_abbrev</name>
         <load_address>0x972</load_address>
         <run_address>0x972</run_address>
         <size>0xab</size>
         <input_file_ref idref="fl-c3"/>
      </object_component>
      <object_component id="oc-cf">
         <name>.debug_abbrev</name>
         <load_address>0xa1d</load_address>
         <run_address>0xa1d</run_address>
         <size>0x105</size>
         <input_file_ref idref="fl-c3"/>
      </object_component>
      <object_component id="oc-1b">
         <name>.debug_abbrev</name>
         <load_address>0xb22</load_address>
         <run_address>0xb22</run_address>
         <size>0x43</size>
         <input_file_ref idref="fl-c4"/>
      </object_component>
      <object_component id="oc-11c">
         <name>.debug_abbrev</name>
         <load_address>0xb65</load_address>
         <run_address>0xb65</run_address>
         <size>0x82</size>
         <input_file_ref idref="fl-c5"/>
      </object_component>
      <object_component id="oc-da">
         <name>.debug_abbrev</name>
         <load_address>0xbe7</load_address>
         <run_address>0xbe7</run_address>
         <size>0x130</size>
         <input_file_ref idref="fl-c5"/>
      </object_component>
      <object_component id="oc-9c">
         <name>.debug_abbrev</name>
         <load_address>0xd17</load_address>
         <run_address>0xd17</run_address>
         <size>0x89</size>
         <input_file_ref idref="fl-c6"/>
      </object_component>
      <object_component id="oc-9a">
         <name>.debug_abbrev</name>
         <load_address>0xda0</load_address>
         <run_address>0xda0</run_address>
         <size>0x27</size>
         <input_file_ref idref="fl-c6"/>
      </object_component>
      <object_component id="oc-5a">
         <name>.debug_abbrev</name>
         <load_address>0xdc7</load_address>
         <run_address>0xdc7</run_address>
         <size>0x99</size>
         <input_file_ref idref="fl-c6"/>
      </object_component>
      <object_component id="oc-94">
         <name>.debug_abbrev</name>
         <load_address>0xe60</load_address>
         <run_address>0xe60</run_address>
         <size>0x43</size>
         <input_file_ref idref="fl-c7"/>
      </object_component>
      <object_component id="oc-11b">
         <name>.debug_abbrev</name>
         <load_address>0xea3</load_address>
         <run_address>0xea3</run_address>
         <size>0x50</size>
         <input_file_ref idref="fl-c8"/>
      </object_component>
      <object_component id="oc-e7">
         <name>.debug_abbrev</name>
         <load_address>0xef3</load_address>
         <run_address>0xef3</run_address>
         <size>0x35</size>
         <input_file_ref idref="fl-c9"/>
      </object_component>
      <object_component id="oc-cb">
         <name>.debug_abbrev</name>
         <load_address>0xf28</load_address>
         <run_address>0xf28</run_address>
         <size>0x9b</size>
         <input_file_ref idref="fl-ca"/>
      </object_component>
      <object_component id="oc-12a">
         <name>.debug_abbrev</name>
         <load_address>0xfc3</load_address>
         <run_address>0xfc3</run_address>
         <size>0xd4</size>
         <input_file_ref idref="fl-cb"/>
      </object_component>
      <object_component id="oc-13b">
         <name>.debug_abbrev</name>
         <load_address>0x1097</load_address>
         <run_address>0x1097</run_address>
         <size>0x99</size>
         <input_file_ref idref="fl-cc"/>
      </object_component>
      <object_component id="oc-12b">
         <name>.debug_abbrev</name>
         <load_address>0x1130</load_address>
         <run_address>0x1130</run_address>
         <size>0x51</size>
         <input_file_ref idref="fl-cd"/>
      </object_component>
      <object_component id="oc-131">
         <name>.debug_abbrev</name>
         <load_address>0x1181</load_address>
         <run_address>0x1181</run_address>
         <size>0x4c</size>
         <input_file_ref idref="fl-ce"/>
      </object_component>
      <object_component id="oc-9e">
         <name>.debug_abbrev</name>
         <load_address>0x11cd</load_address>
         <run_address>0x11cd</run_address>
         <size>0xc0</size>
         <input_file_ref idref="fl-d1"/>
      </object_component>
      <object_component id="oc-61">
         <name>.debug_abbrev</name>
         <load_address>0x128d</load_address>
         <run_address>0x128d</run_address>
         <size>0x7e</size>
         <input_file_ref idref="fl-d1"/>
      </object_component>
      <object_component id="oc-a2">
         <name>.debug_abbrev</name>
         <load_address>0x130b</load_address>
         <run_address>0x130b</run_address>
         <size>0x24</size>
         <input_file_ref idref="fl-d1"/>
      </object_component>
      <object_component id="oc-ea">
         <name>.debug_abbrev</name>
         <load_address>0x132f</load_address>
         <run_address>0x132f</run_address>
         <size>0x24</size>
         <input_file_ref idref="fl-d1"/>
      </object_component>
      <object_component id="oc-a7">
         <name>.debug_abbrev</name>
         <load_address>0x1353</load_address>
         <run_address>0x1353</run_address>
         <size>0x24</size>
         <input_file_ref idref="fl-d1"/>
      </object_component>
      <object_component id="oc-ac">
         <name>.debug_abbrev</name>
         <load_address>0x1377</load_address>
         <run_address>0x1377</run_address>
         <size>0x4b</size>
         <input_file_ref idref="fl-d1"/>
      </object_component>
      <object_component id="oc-13c">
         <name>.debug_abbrev</name>
         <load_address>0x13c2</load_address>
         <run_address>0x13c2</run_address>
         <size>0x38</size>
         <input_file_ref idref="fl-d7"/>
      </object_component>
      <object_component id="oc-13f">
         <name>.debug_abbrev</name>
         <load_address>0x13fa</load_address>
         <run_address>0x13fa</run_address>
         <size>0x2e</size>
         <input_file_ref idref="fl-d9"/>
      </object_component>
      <object_component id="oc-139">
         <name>.debug_abbrev</name>
         <load_address>0x1428</load_address>
         <run_address>0x1428</run_address>
         <size>0x105</size>
         <input_file_ref idref="fl-d9"/>
      </object_component>
      <object_component id="oc-17b">
         <name>.debug_abbrev</name>
         <load_address>0x152d</load_address>
         <run_address>0x152d</run_address>
         <size>0x23</size>
      </object_component>
      <object_component id="oc-e1">
         <name>.debug_str</name>
         <load_address>0x0</load_address>
         <run_address>0x0</run_address>
         <size>0x2b7</size>
         <input_file_ref idref="fl-2"/>
      </object_component>
      <object_component id="oc-93">
         <name>.debug_str</name>
         <load_address>0x2b7</load_address>
         <run_address>0x2b7</run_address>
         <size>0x200</size>
         <input_file_ref idref="fl-2"/>
      </object_component>
      <object_component id="oc-5f">
         <name>.debug_str</name>
         <load_address>0x4b7</load_address>
         <run_address>0x4b7</run_address>
         <size>0xfd</size>
         <input_file_ref idref="fl-2"/>
      </object_component>
      <object_component id="oc-118">
         <name>.debug_str</name>
         <load_address>0x5b4</load_address>
         <run_address>0x5b4</run_address>
         <size>0x34d</size>
         <input_file_ref idref="fl-2"/>
      </object_component>
      <object_component id="oc-ca">
         <name>.debug_str</name>
         <load_address>0x901</load_address>
         <run_address>0x901</run_address>
         <size>0xea</size>
         <input_file_ref idref="fl-2"/>
      </object_component>
      <object_component id="oc-c4">
         <name>.debug_str</name>
         <load_address>0x9eb</load_address>
         <run_address>0x9eb</run_address>
         <size>0x115</size>
         <input_file_ref idref="fl-2"/>
      </object_component>
      <object_component id="oc-e6">
         <name>.debug_str</name>
         <load_address>0xb00</load_address>
         <run_address>0xb00</run_address>
         <size>0x12f</size>
         <input_file_ref idref="fl-2"/>
      </object_component>
      <object_component id="oc-a4">
         <name>.debug_str</name>
         <load_address>0xc2f</load_address>
         <run_address>0xc2f</run_address>
         <size>0xbb</size>
         <input_file_ref idref="fl-d1"/>
      </object_component>
      <object_component id="oc-ec">
         <name>.debug_str</name>
         <load_address>0xcea</load_address>
         <run_address>0xcea</run_address>
         <size>0xf5</size>
         <input_file_ref idref="fl-d1"/>
      </object_component>
      <object_component id="oc-a9">
         <name>.debug_str</name>
         <load_address>0xddf</load_address>
         <run_address>0xddf</run_address>
         <size>0xee</size>
         <input_file_ref idref="fl-d1"/>
      </object_component>
      <object_component id="oc-ae">
         <name>.debug_str</name>
         <load_address>0xecd</load_address>
         <run_address>0xecd</run_address>
         <size>0x135</size>
         <input_file_ref idref="fl-d1"/>
      </object_component>
      <object_component id="oc-51">
         <name>.debug_aranges</name>
         <load_address>0x0</load_address>
         <run_address>0x0</run_address>
         <size>0x48</size>
         <input_file_ref idref="fl-2"/>
      </object_component>
      <object_component id="oc-72">
         <name>.debug_aranges</name>
         <load_address>0x48</load_address>
         <run_address>0x48</run_address>
         <size>0x58</size>
         <input_file_ref idref="fl-c0"/>
      </object_component>
      <object_component id="oc-b9">
         <name>.debug_aranges</name>
         <load_address>0xa0</load_address>
         <run_address>0xa0</run_address>
         <size>0x88</size>
         <input_file_ref idref="fl-c1"/>
      </object_component>
      <object_component id="oc-106">
         <name>.debug_aranges</name>
         <load_address>0x128</load_address>
         <run_address>0x128</run_address>
         <size>0x48</size>
         <input_file_ref idref="fl-c2"/>
      </object_component>
      <object_component id="oc-7e">
         <name>.debug_aranges</name>
         <load_address>0x170</load_address>
         <run_address>0x170</run_address>
         <size>0x168</size>
         <input_file_ref idref="fl-c3"/>
      </object_component>
      <object_component id="oc-e">
         <name>.debug_aranges</name>
         <load_address>0x2d8</load_address>
         <run_address>0x2d8</run_address>
         <size>0x20</size>
         <input_file_ref idref="fl-c4"/>
      </object_component>
      <object_component id="oc-83">
         <name>.debug_aranges</name>
         <load_address>0x2f8</load_address>
         <run_address>0x2f8</run_address>
         <size>0x110</size>
         <input_file_ref idref="fl-c5"/>
      </object_component>
      <object_component id="oc-19">
         <name>.debug_aranges</name>
         <load_address>0x408</load_address>
         <run_address>0x408</run_address>
         <size>0x28</size>
         <input_file_ref idref="fl-c6"/>
      </object_component>
      <object_component id="oc-54">
         <name>.debug_aranges</name>
         <load_address>0x430</load_address>
         <run_address>0x430</run_address>
         <size>0x20</size>
         <input_file_ref idref="fl-c7"/>
      </object_component>
      <object_component id="oc-d1">
         <name>.debug_aranges</name>
         <load_address>0x450</load_address>
         <run_address>0x450</run_address>
         <size>0x50</size>
         <input_file_ref idref="fl-c8"/>
      </object_component>
      <object_component id="oc-99">
         <name>.debug_aranges</name>
         <load_address>0x4a0</load_address>
         <run_address>0x4a0</run_address>
         <size>0x20</size>
         <input_file_ref idref="fl-c9"/>
      </object_component>
      <object_component id="oc-79">
         <name>.debug_aranges</name>
         <load_address>0x4c0</load_address>
         <run_address>0x4c0</run_address>
         <size>0x30</size>
         <input_file_ref idref="fl-ca"/>
      </object_component>
      <object_component id="oc-f7">
         <name>.debug_aranges</name>
         <load_address>0x4f0</load_address>
         <run_address>0x4f0</run_address>
         <size>0x48</size>
         <input_file_ref idref="fl-cb"/>
      </object_component>
      <object_component id="oc-125">
         <name>.debug_aranges</name>
         <load_address>0x538</load_address>
         <run_address>0x538</run_address>
         <size>0x28</size>
         <input_file_ref idref="fl-cc"/>
      </object_component>
      <object_component id="oc-fc">
         <name>.debug_aranges</name>
         <load_address>0x560</load_address>
         <run_address>0x560</run_address>
         <size>0x28</size>
         <input_file_ref idref="fl-cd"/>
      </object_component>
      <object_component id="oc-102">
         <name>.debug_aranges</name>
         <load_address>0x588</load_address>
         <run_address>0x588</run_address>
         <size>0x20</size>
         <input_file_ref idref="fl-ce"/>
      </object_component>
      <object_component id="oc-1e">
         <name>.debug_aranges</name>
         <load_address>0x5a8</load_address>
         <run_address>0x5a8</run_address>
         <size>0x20</size>
         <input_file_ref idref="fl-d1"/>
      </object_component>
      <object_component id="oc-12e">
         <name>.debug_aranges</name>
         <load_address>0x5c8</load_address>
         <run_address>0x5c8</run_address>
         <size>0x20</size>
         <input_file_ref idref="fl-d7"/>
      </object_component>
      <object_component id="oc-121">
         <name>.debug_aranges</name>
         <load_address>0x5e8</load_address>
         <run_address>0x5e8</run_address>
         <size>0x268</size>
         <input_file_ref idref="fl-d9"/>
      </object_component>
      <object_component id="oc-8a">
         <name>.debug_pubnames</name>
         <load_address>0x0</load_address>
         <run_address>0x0</run_address>
         <size>0x4f</size>
         <input_file_ref idref="fl-2"/>
      </object_component>
      <object_component id="oc-50">
         <name>.debug_pubnames</name>
         <load_address>0x4f</load_address>
         <run_address>0x4f</run_address>
         <size>0x9e</size>
         <input_file_ref idref="fl-2"/>
      </object_component>
      <object_component id="oc-be">
         <name>.debug_pubnames</name>
         <load_address>0xed</load_address>
         <run_address>0xed</run_address>
         <size>0x22</size>
         <input_file_ref idref="fl-c0"/>
      </object_component>
      <object_component id="oc-74">
         <name>.debug_pubnames</name>
         <load_address>0x10f</load_address>
         <run_address>0x10f</run_address>
         <size>0xc6</size>
         <input_file_ref idref="fl-c0"/>
      </object_component>
      <object_component id="oc-10d">
         <name>.debug_pubnames</name>
         <load_address>0x1d5</load_address>
         <run_address>0x1d5</run_address>
         <size>0x1e</size>
         <input_file_ref idref="fl-c1"/>
      </object_component>
      <object_component id="oc-ba">
         <name>.debug_pubnames</name>
         <load_address>0x1f3</load_address>
         <run_address>0x1f3</run_address>
         <size>0xe6</size>
         <input_file_ref idref="fl-c1"/>
      </object_component>
      <object_component id="oc-10a">
         <name>.debug_pubnames</name>
         <load_address>0x2d9</load_address>
         <run_address>0x2d9</run_address>
         <size>0x74</size>
         <input_file_ref idref="fl-c2"/>
      </object_component>
      <object_component id="oc-ce">
         <name>.debug_pubnames</name>
         <load_address>0x34d</load_address>
         <run_address>0x34d</run_address>
         <size>0x1f</size>
         <input_file_ref idref="fl-c3"/>
      </object_component>
      <object_component id="oc-7f">
         <name>.debug_pubnames</name>
         <load_address>0x36c</load_address>
         <run_address>0x36c</run_address>
         <size>0x3da</size>
         <input_file_ref idref="fl-c3"/>
      </object_component>
      <object_component id="oc-f">
         <name>.debug_pubnames</name>
         <load_address>0x746</load_address>
         <run_address>0x746</run_address>
         <size>0x66</size>
         <input_file_ref idref="fl-c4"/>
      </object_component>
      <object_component id="oc-d9">
         <name>.debug_pubnames</name>
         <load_address>0x7ac</load_address>
         <run_address>0x7ac</run_address>
         <size>0x23</size>
         <input_file_ref idref="fl-c5"/>
      </object_component>
      <object_component id="oc-85">
         <name>.debug_pubnames</name>
         <load_address>0x7cf</load_address>
         <run_address>0x7cf</run_address>
         <size>0x2d1</size>
         <input_file_ref idref="fl-c5"/>
      </object_component>
      <object_component id="oc-59">
         <name>.debug_pubnames</name>
         <load_address>0xaa0</load_address>
         <run_address>0xaa0</run_address>
         <size>0x1d</size>
         <input_file_ref idref="fl-c6"/>
      </object_component>
      <object_component id="oc-18">
         <name>.debug_pubnames</name>
         <load_address>0xabd</load_address>
         <run_address>0xabd</run_address>
         <size>0x35</size>
         <input_file_ref idref="fl-c6"/>
      </object_component>
      <object_component id="oc-55">
         <name>.debug_pubnames</name>
         <load_address>0xaf2</load_address>
         <run_address>0xaf2</run_address>
         <size>0x66</size>
         <input_file_ref idref="fl-c7"/>
      </object_component>
      <object_component id="oc-d3">
         <name>.debug_pubnames</name>
         <load_address>0xb58</load_address>
         <run_address>0xb58</run_address>
         <size>0x8c</size>
         <input_file_ref idref="fl-c8"/>
      </object_component>
      <object_component id="oc-98">
         <name>.debug_pubnames</name>
         <load_address>0xbe4</load_address>
         <run_address>0xbe4</run_address>
         <size>0x79</size>
         <input_file_ref idref="fl-c9"/>
      </object_component>
      <object_component id="oc-78">
         <name>.debug_pubnames</name>
         <load_address>0xc5d</load_address>
         <run_address>0xc5d</run_address>
         <size>0x59</size>
         <input_file_ref idref="fl-ca"/>
      </object_component>
      <object_component id="oc-f9">
         <name>.debug_pubnames</name>
         <load_address>0xcb6</load_address>
         <run_address>0xcb6</run_address>
         <size>0x90</size>
         <input_file_ref idref="fl-cb"/>
      </object_component>
      <object_component id="oc-129">
         <name>.debug_pubnames</name>
         <load_address>0xd46</load_address>
         <run_address>0xd46</run_address>
         <size>0x3f</size>
         <input_file_ref idref="fl-cc"/>
      </object_component>
      <object_component id="oc-ff">
         <name>.debug_pubnames</name>
         <load_address>0xd85</load_address>
         <run_address>0xd85</run_address>
         <size>0x37</size>
         <input_file_ref idref="fl-cd"/>
      </object_component>
      <object_component id="oc-104">
         <name>.debug_pubnames</name>
         <load_address>0xdbc</load_address>
         <run_address>0xdbc</run_address>
         <size>0x27</size>
         <input_file_ref idref="fl-ce"/>
      </object_component>
      <object_component id="oc-1f">
         <name>.debug_pubnames</name>
         <load_address>0xde3</load_address>
         <run_address>0xde3</run_address>
         <size>0x35</size>
         <input_file_ref idref="fl-d1"/>
      </object_component>
      <object_component id="oc-130">
         <name>.debug_pubnames</name>
         <load_address>0xe18</load_address>
         <run_address>0xe18</run_address>
         <size>0x27</size>
         <input_file_ref idref="fl-d7"/>
      </object_component>
      <object_component id="oc-120">
         <name>.debug_pubnames</name>
         <load_address>0xe3f</load_address>
         <run_address>0xe3f</run_address>
         <size>0x779</size>
         <input_file_ref idref="fl-d9"/>
      </object_component>
      <object_component id="oc-17c">
         <name>.debug_pubnames</name>
         <load_address>0x15b8</load_address>
         <run_address>0x15b8</run_address>
         <size>0x42</size>
      </object_component>
      <object_component id="oc-de">
         <name>.debug_pubtypes</name>
         <load_address>0x0</load_address>
         <run_address>0x0</run_address>
         <size>0x25c</size>
         <input_file_ref idref="fl-2"/>
      </object_component>
      <object_component id="oc-90">
         <name>.debug_pubtypes</name>
         <load_address>0x25c</load_address>
         <run_address>0x25c</run_address>
         <size>0x5e</size>
         <input_file_ref idref="fl-2"/>
      </object_component>
      <object_component id="oc-5c">
         <name>.debug_pubtypes</name>
         <load_address>0x2ba</load_address>
         <run_address>0x2ba</run_address>
         <size>0xed</size>
         <input_file_ref idref="fl-2"/>
      </object_component>
      <object_component id="oc-115">
         <name>.debug_pubtypes</name>
         <load_address>0x3a7</load_address>
         <run_address>0x3a7</run_address>
         <size>0x330</size>
         <input_file_ref idref="fl-2"/>
      </object_component>
      <object_component id="oc-c7">
         <name>.debug_pubtypes</name>
         <load_address>0x6d7</load_address>
         <run_address>0x6d7</run_address>
         <size>0x1e</size>
         <input_file_ref idref="fl-2"/>
      </object_component>
      <object_component id="oc-c1">
         <name>.debug_pubtypes</name>
         <load_address>0x6f5</load_address>
         <run_address>0x6f5</run_address>
         <size>0x27</size>
         <input_file_ref idref="fl-2"/>
      </object_component>
      <object_component id="oc-e3">
         <name>.debug_pubtypes</name>
         <load_address>0x71c</load_address>
         <run_address>0x71c</run_address>
         <size>0x53</size>
         <input_file_ref idref="fl-2"/>
      </object_component>
      <object_component id="oc-a1">
         <name>.debug_pubtypes</name>
         <load_address>0x76f</load_address>
         <run_address>0x76f</run_address>
         <size>0x32</size>
         <input_file_ref idref="fl-d1"/>
      </object_component>
      <object_component id="oc-e9">
         <name>.debug_pubtypes</name>
         <load_address>0x7a1</load_address>
         <run_address>0x7a1</run_address>
         <size>0x30</size>
         <input_file_ref idref="fl-d1"/>
      </object_component>
      <object_component id="oc-a6">
         <name>.debug_pubtypes</name>
         <load_address>0x7d1</load_address>
         <run_address>0x7d1</run_address>
         <size>0x2c</size>
         <input_file_ref idref="fl-d1"/>
      </object_component>
      <object_component id="oc-ab">
         <name>.debug_pubtypes</name>
         <load_address>0x7fd</load_address>
         <run_address>0x7fd</run_address>
         <size>0x50</size>
         <input_file_ref idref="fl-d1"/>
      </object_component>
   </object_component_list>
   <logical_group_list>
      <logical_group id="lg-2" display="no" color="cyan">
         <name>.text:Entry</name>
         <load_address>0x80000000</load_address>
         <run_address>0x80000000</run_address>
         <size>0xd0</size>
         <contents>
            <object_component_ref idref="oc-c"/>
            <object_component_ref idref="oc-163"/>
         </contents>
      </logical_group>
      <logical_group id="lg-3" display="no" color="cyan">
         <name>.text</name>
         <load_address>0x800000d0</load_address>
         <run_address>0x800000d0</run_address>
         <size>0x740c</size>
         <contents>
            <object_component_ref idref="oc-11e"/>
            <object_component_ref idref="oc-b6"/>
            <object_component_ref idref="oc-7c"/>
            <object_component_ref idref="oc-4c"/>
            <object_component_ref idref="oc-105"/>
            <object_component_ref idref="oc-52"/>
            <object_component_ref idref="oc-82"/>
            <object_component_ref idref="oc-70"/>
            <object_component_ref idref="oc-124"/>
            <object_component_ref idref="oc-76"/>
            <object_component_ref idref="oc-f5"/>
            <object_component_ref idref="oc-95"/>
            <object_component_ref idref="oc-100"/>
            <object_component_ref idref="oc-fb"/>
            <object_component_ref idref="oc-15"/>
            <object_component_ref idref="oc-1c"/>
            <object_component_ref idref="oc-d0"/>
            <object_component_ref idref="oc-d6"/>
            <object_component_ref idref="oc-12c"/>
         </contents>
      </logical_group>
      <logical_group id="lg-4" display="no" color="cyan">
         <name>.data</name>
         <run_address>0x0</run_address>
         <size>0x0</size>
         <contents>
         </contents>
      </logical_group>
      <logical_group id="lg-5" display="no" color="cyan">
         <name>.bss</name>
         <run_address>0x80007500</run_address>
         <size>0x34c</size>
         <contents>
            <object_component_ref idref="oc-bc"/>
            <object_component_ref idref="oc-8c"/>
            <object_component_ref idref="oc-88"/>
            <object_component_ref idref="oc-8b"/>
            <object_component_ref idref="oc-8d"/>
            <object_component_ref idref="oc-cc"/>
            <object_component_ref idref="oc-d7"/>
         </contents>
      </logical_group>
      <logical_group id="lg-6" display="no" color="cyan">
         <name>.const</name>
         <load_address>0x8000784c</load_address>
         <run_address>0x8000784c</run_address>
         <size>0x50</size>
         <contents>
            <object_component_ref idref="oc-57"/>
            <object_component_ref idref="oc-134"/>
            <object_component_ref idref="oc-10b"/>
         </contents>
      </logical_group>
      <logical_group id="lg-7" display="no" color="cyan">
         <name>.stack</name>
         <run_address>0x87fffff0</run_address>
         <size>0x8</size>
         <contents>
            <object_component_ref idref="oc-13"/>
            <object_component_ref idref="oc-162"/>
         </contents>
      </logical_group>
      <logical_group id="lg-141" display="no" color="cyan">
         <name>.TI.noinit</name>
         <run_address>0x0</run_address>
         <size>0x0</size>
         <contents>
         </contents>
      </logical_group>
      <logical_group id="lg-142" display="no" color="cyan">
         <name>.TI.persistent</name>
         <run_address>0x0</run_address>
         <size>0x0</size>
         <contents>
         </contents>
      </logical_group>
      <logical_group id="lg-143" display="no" color="cyan">
         <name>__llvm_prf_cnts</name>
         <run_address>0x80000000</run_address>
         <size>0x0</size>
         <contents>
         </contents>
      </logical_group>
      <logical_group id="lg-14d" display="never" color="cyan">
         <name>.debug_info</name>
         <load_address>0x0</load_address>
         <run_address>0x0</run_address>
         <size>0x13e1b</size>
         <contents>
            <object_component_ref idref="oc-89"/>
            <object_component_ref idref="oc-4f"/>
            <object_component_ref idref="oc-dd"/>
            <object_component_ref idref="oc-8f"/>
            <object_component_ref idref="oc-5b"/>
            <object_component_ref idref="oc-114"/>
            <object_component_ref idref="oc-c6"/>
            <object_component_ref idref="oc-c0"/>
            <object_component_ref idref="oc-e2"/>
            <object_component_ref idref="oc-c5"/>
            <object_component_ref idref="oc-bd"/>
            <object_component_ref idref="oc-73"/>
            <object_component_ref idref="oc-10f"/>
            <object_component_ref idref="oc-10c"/>
            <object_component_ref idref="oc-b8"/>
            <object_component_ref idref="oc-133"/>
            <object_component_ref idref="oc-109"/>
            <object_component_ref idref="oc-cd"/>
            <object_component_ref idref="oc-7d"/>
            <object_component_ref idref="oc-d"/>
            <object_component_ref idref="oc-d8"/>
            <object_component_ref idref="oc-84"/>
            <object_component_ref idref="oc-60"/>
            <object_component_ref idref="oc-58"/>
            <object_component_ref idref="oc-17"/>
            <object_component_ref idref="oc-53"/>
            <object_component_ref idref="oc-d2"/>
            <object_component_ref idref="oc-97"/>
            <object_component_ref idref="oc-77"/>
            <object_component_ref idref="oc-f8"/>
            <object_component_ref idref="oc-128"/>
            <object_component_ref idref="oc-fe"/>
            <object_component_ref idref="oc-103"/>
            <object_component_ref idref="oc-62"/>
            <object_component_ref idref="oc-1d"/>
            <object_component_ref idref="oc-a0"/>
            <object_component_ref idref="oc-e8"/>
            <object_component_ref idref="oc-a5"/>
            <object_component_ref idref="oc-aa"/>
            <object_component_ref idref="oc-12f"/>
            <object_component_ref idref="oc-13a"/>
            <object_component_ref idref="oc-11f"/>
            <object_component_ref idref="oc-17a"/>
         </contents>
      </logical_group>
      <logical_group id="lg-14f" display="never" color="cyan">
         <name>.debug_line</name>
         <load_address>0x0</load_address>
         <run_address>0x0</run_address>
         <size>0x35eb</size>
         <contents>
            <object_component_ref idref="oc-dc"/>
            <object_component_ref idref="oc-4d"/>
            <object_component_ref idref="oc-e0"/>
            <object_component_ref idref="oc-92"/>
            <object_component_ref idref="oc-5e"/>
            <object_component_ref idref="oc-117"/>
            <object_component_ref idref="oc-c9"/>
            <object_component_ref idref="oc-c3"/>
            <object_component_ref idref="oc-e5"/>
            <object_component_ref idref="oc-113"/>
            <object_component_ref idref="oc-111"/>
            <object_component_ref idref="oc-71"/>
            <object_component_ref idref="oc-138"/>
            <object_component_ref idref="oc-136"/>
            <object_component_ref idref="oc-b7"/>
            <object_component_ref idref="oc-13e"/>
            <object_component_ref idref="oc-107"/>
            <object_component_ref idref="oc-11a"/>
            <object_component_ref idref="oc-80"/>
            <object_component_ref idref="oc-10"/>
            <object_component_ref idref="oc-11d"/>
            <object_component_ref idref="oc-87"/>
            <object_component_ref idref="oc-9d"/>
            <object_component_ref idref="oc-9b"/>
            <object_component_ref idref="oc-1a"/>
            <object_component_ref idref="oc-56"/>
            <object_component_ref idref="oc-d4"/>
            <object_component_ref idref="oc-96"/>
            <object_component_ref idref="oc-7a"/>
            <object_component_ref idref="oc-f6"/>
            <object_component_ref idref="oc-126"/>
            <object_component_ref idref="oc-fd"/>
            <object_component_ref idref="oc-101"/>
            <object_component_ref idref="oc-9f"/>
            <object_component_ref idref="oc-20"/>
            <object_component_ref idref="oc-a3"/>
            <object_component_ref idref="oc-eb"/>
            <object_component_ref idref="oc-a8"/>
            <object_component_ref idref="oc-ad"/>
            <object_component_ref idref="oc-12d"/>
            <object_component_ref idref="oc-140"/>
            <object_component_ref idref="oc-123"/>
         </contents>
      </logical_group>
      <logical_group id="lg-151" display="never" color="cyan">
         <name>.debug_frame</name>
         <load_address>0x0</load_address>
         <run_address>0x0</run_address>
         <size>0x1620</size>
         <contents>
            <object_component_ref idref="oc-4e"/>
            <object_component_ref idref="oc-75"/>
            <object_component_ref idref="oc-bb"/>
            <object_component_ref idref="oc-108"/>
            <object_component_ref idref="oc-81"/>
            <object_component_ref idref="oc-86"/>
            <object_component_ref idref="oc-16"/>
            <object_component_ref idref="oc-d5"/>
            <object_component_ref idref="oc-7b"/>
            <object_component_ref idref="oc-fa"/>
            <object_component_ref idref="oc-127"/>
            <object_component_ref idref="oc-21"/>
            <object_component_ref idref="oc-122"/>
         </contents>
      </logical_group>
      <logical_group id="lg-153" display="never" color="cyan">
         <name>.debug_abbrev</name>
         <load_address>0x0</load_address>
         <run_address>0x0</run_address>
         <size>0x1550</size>
         <contents>
            <object_component_ref idref="oc-db"/>
            <object_component_ref idref="oc-8e"/>
            <object_component_ref idref="oc-df"/>
            <object_component_ref idref="oc-91"/>
            <object_component_ref idref="oc-5d"/>
            <object_component_ref idref="oc-116"/>
            <object_component_ref idref="oc-c8"/>
            <object_component_ref idref="oc-c2"/>
            <object_component_ref idref="oc-e4"/>
            <object_component_ref idref="oc-112"/>
            <object_component_ref idref="oc-110"/>
            <object_component_ref idref="oc-bf"/>
            <object_component_ref idref="oc-137"/>
            <object_component_ref idref="oc-135"/>
            <object_component_ref idref="oc-10e"/>
            <object_component_ref idref="oc-13d"/>
            <object_component_ref idref="oc-132"/>
            <object_component_ref idref="oc-119"/>
            <object_component_ref idref="oc-cf"/>
            <object_component_ref idref="oc-1b"/>
            <object_component_ref idref="oc-11c"/>
            <object_component_ref idref="oc-da"/>
            <object_component_ref idref="oc-9c"/>
            <object_component_ref idref="oc-9a"/>
            <object_component_ref idref="oc-5a"/>
            <object_component_ref idref="oc-94"/>
            <object_component_ref idref="oc-11b"/>
            <object_component_ref idref="oc-e7"/>
            <object_component_ref idref="oc-cb"/>
            <object_component_ref idref="oc-12a"/>
            <object_component_ref idref="oc-13b"/>
            <object_component_ref idref="oc-12b"/>
            <object_component_ref idref="oc-131"/>
            <object_component_ref idref="oc-9e"/>
            <object_component_ref idref="oc-61"/>
            <object_component_ref idref="oc-a2"/>
            <object_component_ref idref="oc-ea"/>
            <object_component_ref idref="oc-a7"/>
            <object_component_ref idref="oc-ac"/>
            <object_component_ref idref="oc-13c"/>
            <object_component_ref idref="oc-13f"/>
[...]
         <value>0x80006060</value>
         <object_component_ref idref="oc-52"/>
      </symbol>
      <symbol id="sm-378">
         <name>CP15AuxControlFeatureEnable</name>
         <value>0x80006450</value>
         <object_component_ref idref="oc-52"/>
      </symbol>
      <symbol id="sm-379">
         <name>CP15TlbInvalidate</name>
         <value>0x80006398</value>
         <object_component_ref idref="oc-52"/>
      </symbol>
      <symbol id="sm-37a">
         <name>CP15ICacheFlushBuff</name>
         <value>0x80006338</value>
         <object_component_ref idref="oc-52"/>
      </symbol>
      <symbol id="sm-37b">
         <name>CP15ICacheFlush</name>
         <value>0x8000621c</value>
         <object_component_ref idref="oc-52"/>
      </symbol>
      <symbol id="sm-37c">
         <name>CP15DCacheFlushBuff</name>
         <value>0x800062d4</value>
         <object_component_ref idref="oc-52"/>
      </symbol>
      <symbol id="sm-37d">
         <name>CP15DCacheCleanFlush</name>
         <value>0x80006188</value>
         <object_component_ref idref="oc-52"/>
      </symbol>
      <symbol id="sm-37e">
         <name>CP15ControlFeatureDisable</name>
         <value>0x80006418</value>
         <object_component_ref idref="oc-52"/>
      </symbol>
      <symbol id="sm-390">
         <name>CPUSwitchToPrivilegedMode</name>
         <value>0x8000746c</value>
         <object_component_ref idref="oc-d0"/>
      </symbol>
      <symbol id="sm-391">
         <name>CPUAbortHandler</name>
         <value>0x80007488</value>
         <object_component_ref idref="oc-d0"/>
      </symbol>
      <symbol id="sm-392">
         <name>CPUirqd</name>
         <value>0x8000748c</value>
         <object_component_ref idref="oc-d0"/>
      </symbol>
      <symbol id="sm-393">
         <name>CPUirqe</name>
         <value>0x8000749c</value>
         <object_component_ref idref="oc-d0"/>
      </symbol>
      <symbol id="sm-394">
         <name>CPUfiqd</name>
         <value>0x800074ac</value>
         <object_component_ref idref="oc-d0"/>
      </symbol>
      <symbol id="sm-395">
         <name>CPUfiqe</name>
         <value>0x800074bc</value>
         <object_component_ref idref="oc-d0"/>
      </symbol>
      <symbol id="sm-396">
         <name>CPUSwitchToUserMode</name>
         <value>0x80007474</value>
         <object_component_ref idref="oc-d0"/>
      </symbol>
      <symbol id="sm-397">
         <name>CPUIntStatus</name>
         <value>0x800074cc</value>
         <object_component_ref idref="oc-d6"/>
      </symbol>
      <symbol id="sm-3a9">
         <name>SVC_Handler</name>
         <value>0x800070f8</value>
         <object_component_ref idref="oc-95"/>
      </symbol>
      <symbol id="sm-3aa">
         <name>IRQHandler</name>
         <value>0x80007120</value>
         <object_component_ref idref="oc-95"/>
      </symbol>
      <symbol id="sm-3ab">
         <name>AbortHandler</name>
         <value>0x800071d0</value>
         <object_component_ref idref="oc-95"/>
      </symbol>
      <symbol id="sm-3ac">
         <name>UndefInstHandler</name>
         <value>0x800071d0</value>
         <object_component_ref idref="oc-95"/>
      </symbol>
      <symbol id="sm-3ad">
         <name>FIQHandler</name>
         <value>0x800071cc</value>
         <object_component_ref idref="oc-95"/>
      </symbol>
      <symbol id="sm-3d2">
         <name>EDMAVersionGet</name>
         <value>0x80006e44</value>
         <object_component_ref idref="oc-76"/>
      </symbol>
      <symbol id="sm-3d3">
         <name>EDMA3CrossBarChannelMap</name>
         <value>0x80006d64</value>
         <object_component_ref idref="oc-76"/>
      </symbol>
      <symbol id="sm-3d4">
         <name>EDMAModuleClkConfig</name>
         <value>0x80006e4c</value>
         <object_component_ref idref="oc-76"/>
      </symbol>
      <symbol id="sm-3eb">
         <name>UARTConsoleGetc</name>
         <value>0x800070b8</value>
         <object_component_ref idref="oc-f5"/>
      </symbol>
      <symbol id="sm-3ec">
         <name>UARTConsolePutc</name>
         <value>0x800070a0</value>
         <object_component_ref idref="oc-f5"/>
      </symbol>
      <symbol id="sm-3ed">
         <name>UARTConsoleInit</name>
         <value>0x8000707c</value>
         <object_component_ref idref="oc-f5"/>
      </symbol>
      <symbol id="sm-41c">
         <name>UART0ModuleClkConfig</name>
         <value>0x80006b28</value>
         <object_component_ref idref="oc-124"/>
      </symbol>
      <symbol id="sm-41d">
         <name>UARTPinMuxSetup</name>
         <value>0x80006af4</value>
         <object_component_ref idref="oc-124"/>
      </symbol>
      <symbol id="sm-42c">
         <name>__aeabi_memset</name>
         <value>0x800072dc</value>
         <object_component_ref idref="oc-fb"/>
      </symbol>
      <symbol id="sm-42d">
         <name>memset</name>
         <value>0x800072e8</value>
         <object_component_ref idref="oc-fb"/>
      </symbol>
      <symbol id="sm-42e">
         <name>__aeabi_memset8</name>
         <value>0x800072dc</value>
         <object_component_ref idref="oc-fb"/>
      </symbol>
      <symbol id="sm-42f">
         <name>__aeabi_memset4</name>
         <value>0x800072dc</value>
         <object_component_ref idref="oc-fb"/>
      </symbol>
      <symbol id="sm-430">
         <name>__aeabi_memclr8</name>
         <value>0x800072d8</value>
         <object_component_ref idref="oc-fb"/>
      </symbol>
      <symbol id="sm-431">
         <name>__aeabi_memclr4</name>
         <value>0x800072d8</value>
         <object_component_ref idref="oc-fb"/>
      </symbol>
      <symbol id="sm-432">
         <name>__aeabi_memclr</name>
         <value>0x800072d8</value>
         <object_component_ref idref="oc-fb"/>
      </symbol>
      <symbol id="sm-444">
         <name>__aeabi_uidivmod</name>
         <value>0x800071e8</value>
         <object_component_ref idref="oc-100"/>
      </symbol>
      <symbol id="sm-445">
         <name>__aeabi_uidiv</name>
         <value>0x800071e8</value>
         <object_component_ref idref="oc-100"/>
      </symbol>
      <symbol id="sm-448">
         <name>__stack</name>
         <value>0x87fffff0</value>
         <object_component_ref idref="oc-13"/>
      </symbol>
      <symbol id="sm-471">
         <name>__TI_auto_init_nobinit_nopinit</name>
         <value>0x80007404</value>
         <object_component_ref idref="oc-1c"/>
      </symbol>
      <symbol id="sm-482">
         <name>__aeabi_idiv0</name>
         <value>0x800074d8</value>
         <object_component_ref idref="oc-12c"/>
      </symbol>
      <symbol id="sm-483">
         <name>__aeabi_ldiv0</name>
         <value>0x800074d8</value>
         <object_component_ref idref="oc-12c"/>
      </symbol>
      <symbol id="sm-4fd">
         <name>UARTAutobaudWordLenGet</name>
         <value>0x80001c44</value>
         <object_component_ref idref="oc-11e"/>
      </symbol>
      <symbol id="sm-4fe">
         <name>UARTDivisorLatchDisable</name>
         <value>0x8000039c</value>
         <object_component_ref idref="oc-11e"/>
      </symbol>
      <symbol id="sm-4ff">
         <name>UARTCharPutNonBlocking</name>
         <value>0x800010d4</value>
         <object_component_ref idref="oc-11e"/>
      </symbol>
      <symbol id="sm-500">
         <name>UARTDMAEnable</name>
         <value>0x80000938</value>
         <object_component_ref idref="oc-11e"/>
      </symbol>
      <symbol id="sm-501">
         <name>UARTXON1XOFF1ValProgram</name>
         <value>0x800017a4</value>
         <object_component_ref idref="oc-11e"/>
      </symbol>
      <symbol id="sm-502">
         <name>UARTScratchPadRegWrite</name>
         <value>0x80001cdc</value>
         <object_component_ref idref="oc-11e"/>
      </symbol>
      <symbol id="sm-503">
         <name>UARTPulseShapingControl</name>
         <value>0x80001610</value>
         <object_component_ref idref="oc-11e"/>
      </symbol>
      <symbol id="sm-504">
         <name>UARTSubConfigXOFFModeEn</name>
         <value>0x80000ccc</value>
         <object_component_ref idref="oc-11e"/>
      </symbol>
      <symbol id="sm-505">
         <name>UARTModemStatusChangeCheck</name>
         <value>0x80001988</value>
         <object_component_ref idref="oc-11e"/>
      </symbol>
      <symbol id="sm-506">
         <name>UARTFIFOTrigLvlGranControl</name>
         <value>0x80001a1c</value>
         <object_component_ref idref="oc-11e"/>
      </symbol>
      <symbol id="sm-507">
         <name>UARTDivisorValCompute</name>
         <value>0x80000130</value>
         <object_component_ref idref="oc-11e"/>
      </symbol>
      <symbol id="sm-508">
         <name>UARTIntPendingStatusGet</name>
         <value>0x80001414</value>
         <object_component_ref idref="oc-11e"/>
      </symbol>
      <symbol id="sm-509">
         <name>UARTModuleReset</name>
         <value>0x80001654</value>
         <object_component_ref idref="oc-11e"/>
      </symbol>
      <symbol id="sm-50a">
         <name>UARTAutobaudParityGet</name>
         <value>0x80001bf8</value>
         <object_component_ref idref="oc-11e"/>
      </symbol>
      <symbol id="sm-50b">
         <name>UARTTCRTLRBitValRestore</name>
         <value>0x80000da4</value>
         <object_component_ref idref="oc-11e"/>
      </symbol>
      <symbol id="sm-50c">
         <name>UARTIntIdentityGet</name>
         <value>0x800013c8</value>
         <object_component_ref idref="oc-11e"/>
      </symbol>
      <symbol id="sm-50d">
         <name>UARTCharGetTimeout</name>
         <value>0x800011f0</value>
         <object_component_ref idref="oc-11e"/>
      </symbol>
      <symbol id="sm-50e">
         <name>UARTEnhanFuncBitValRestore</name>
         <value>0x80000ab8</value>
         <object_component_ref idref="oc-11e"/>
      </symbol>
      <symbol id="sm-50f">
         <name>UARTModemControlSet</name>
         <value>0x8000190c</value>
         <object_component_ref idref="oc-11e"/>
      </symbol>
      <symbol id="sm-510">
         <name>UARTSubConfigTCRTLRModeEn</name>
         <value>0x80000bf4</value>
         <object_component_ref idref="oc-11e"/>
      </symbol>
      <symbol id="sm-511">
         <name>UARTLoopbackModeControl</name>
         <value>0x800018c8</value>
         <object_component_ref idref="oc-11e"/>
      </symbol>
      <symbol id="sm-512">
         <name>UARTIdleModeConfigure</name>
         <value>0x80001688</value>
         <object_component_ref idref="oc-11e"/>
      </symbol>
      <symbol id="sm-513">
         <name>UARTDivisorLatchEnable</name>
         <value>0x80000378</value>
         <object_component_ref idref="oc-11e"/>
      </symbol>
      <symbol id="sm-514">
         <name>UARTFIFOCharGet</name>
         <value>0x800012f4</value>
         <object_component_ref idref="oc-11e"/>
      </symbol>
      <symbol id="sm-515">
         <name>UARTFIFOWrite</name>
         <value>0x80001310</value>
         <object_component_ref idref="oc-11e"/>
      </symbol>
      <symbol id="sm-516">
         <name>UARTWakeUpEventsEnable</name>
         <value>0x800019bc</value>
         <object_component_ref idref="oc-11e"/>
      </symbol>
      <symbol id="sm-517">
         <name>UARTSpecialCharDetectControl</name>
         <value>0x80001548</value>
         <object_component_ref idref="oc-11e"/>
      </symbol>
      <symbol id="sm-518">
         <name>UARTDivisorLatchWrite</name>
         <value>0x800001f4</value>
         <object_component_ref idref="oc-11e"/>
      </symbol>
      <symbol id="sm-519">
         <name>UARTWakeUpEventsDisable</name>
         <value>0x800019ec</value>
         <object_component_ref idref="oc-11e"/>
      </symbol>
      <symbol id="sm-51a">
         <name>UARTScratchPadRegRead</name>
         <value>0x80001d20</value>
         <object_component_ref idref="oc-11e"/>
      </symbol>
      <symbol id="sm-51b">
         <name>UARTModuleVersionNumberGet</name>
         <value>0x80001d3c</value>
         <object_component_ref idref="oc-11e"/>
      </symbol>
      <symbol id="sm-51c">
         <name>UARTRXCTSDSRWakeUpConfigure</name>
         <value>0x80001b08</value>
         <object_component_ref idref="oc-11e"/>
      </symbol>
      <symbol id="sm-51d">
         <name>UARTEnhanFuncEnable</name>
         <value>0x80000a58</value>
         <object_component_ref idref="oc-11e"/>
      </symbol>
      <symbol id="sm-51e">
         <name>UARTTxFIFOLevelGet</name>
         <value>0x80001bc8</value>
         <object_component_ref idref="oc-11e"/>
      </symbol>
      <symbol id="sm-51f">
         <name>UARTOperatingModeSelect</name>
         <value>0x800000d0</value>
         <object_component_ref idref="oc-11e"/>
      </symbol>
      <symbol id="sm-520">
         <name>UARTXON2XOFF2ValProgram</name>
         <value>0x800017d4</value>
         <object_component_ref idref="oc-11e"/>
      </symbol>
      <symbol id="sm-521">
         <name>UARTLineCharacConfig</name>
         <value>0x8000049c</value>
         <object_component_ref idref="oc-11e"/>
      </symbol>
      <symbol id="sm-522">
         <name>UARTIntEnable</name>
         <value>0x80000e80</value>
         <object_component_ref idref="oc-11e"/>
      </symbol>
      <symbol id="sm-523">
         <name>UARTCharsAvail</name>
         <value>0x80001080</value>
         <object_component_ref idref="oc-11e"/>
      </symbol>
      <symbol id="sm-524">
         <name>UARTRxFIFOLevelGet</name>
         <value>0x80001be0</value>
         <object_component_ref idref="oc-11e"/>
      </symbol>
      <symbol id="sm-525">
         <name>UARTFlowCtrlTrigLvlConfig</name>
         <value>0x80001754</value>
         <object_component_ref idref="oc-11e"/>
      </symbol>
      <symbol id="sm-526">
         <name>UARTCharGetNonBlocking</name>
         <value>0x80001140</value>
         <object_component_ref idref="oc-11e"/>
      </symbol>
      <symbol id="sm-527">
         <name>UARTDMACounterResetControl</name>
         <value>0x80001b68</value>
         <object_component_ref idref="oc-11e"/>
      </symbol>
      <symbol id="sm-528">
         <name>UARTModemStatusGet</name>
         <value>0x8000196c</value>
         <object_component_ref idref="oc-11e"/>
      </symbol>
      <symbol id="sm-529">
         <name>UARTAutoRTSAutoCTSControl</name>
         <value>0x800014bc</value>
         <object_component_ref idref="oc-11e"/>
      </symbol>
      <symbol id="sm-52a">
         <name>UARTFIFORegisterWrite</name>
         <value>0x800009cc</value>
         <object_component_ref idref="oc-11e"/>
      </symbol>
      <symbol id="sm-52b">
         <name>UARTDSRInterruptControl</name>
         <value>0x80001a80</value>
         <object_component_ref idref="oc-11e"/>
      </symbol>
      <symbol id="sm-52c">
         <name>UARTIntDisable</name>
         <value>0x80000f64</value>
         <object_component_ref idref="oc-11e"/>
      </symbol>
      <symbol id="sm-52d">
         <name>UARTCharPut</name>
         <value>0x80001280</value>
         <object_component_ref idref="oc-11e"/>
      </symbol>
      <symbol id="sm-52e">
         <name>UARTTxDMAThresholdControl</name>
         <value>0x80001d58</value>
         <object_component_ref idref="oc-11e"/>
      </symbol>
      <symbol id="sm-52f">
         <name>UARTParityModeSet</name>
         <value>0x80000514</value>
         <object_component_ref idref="oc-11e"/>
      </symbol>
      <symbol id="sm-530">
         <name>UARTAutoIdleModeControl</name>
         <value>0x80001710</value>
         <object_component_ref idref="oc-11e"/>
      </symbol>
      <symbol id="sm-531">
         <name>UARTRxErrorGet</name>
         <value>0x8000137c</value>
         <object_component_ref idref="oc-11e"/>
      </symbol>
      <symbol id="sm-532">
         <name>UARTFIFOEnableStatusGet</name>
         <value>0x80001468</value>
         <object_component_ref idref="oc-11e"/>
      </symbol>
      <symbol id="sm-533">
         <name>UARTXONAnyFeatureControl</name>
         <value>0x80001804</value>
         <object_component_ref idref="oc-11e"/>
      </symbol>
      <symbol id="sm-534">
         <name>UARTFIFOCharPut</name>
         <value>0x800012d4</value>
         <object_component_ref idref="oc-11e"/>
      </symbol>
      <symbol id="sm-535">
         <name>UARTSubConfigMSRSPRModeEn</name>
         <value>0x80000b1c</value>
         <object_component_ref idref="oc-11e"/>
      </symbol>
      <symbol id="sm-536">
         <name>UARTDMADisable</name>
         <value>0x80000994</value>
         <object_component_ref idref="oc-11e"/>
      </symbol>
      <symbol id="sm-537">
         <name>UARTTxFIFOFullStatusGet</name>
         <value>0x80001bac</value>
         <object_component_ref idref="oc-11e"/>
      </symbol>
      <symbol id="sm-538">
         <name>UARTFIFOConfig</name>
         <value>0x80000574</value>
         <object_component_ref idref="oc-11e"/>
      </symbol>
      <symbol id="sm-539">
         <name>UARTTxDMAThresholdValConfig</name>
         <value>0x80001d9c</value>
         <object_component_ref idref="oc-11e"/>
      </symbol>
      <symbol id="sm-53a">
         <name>UARTWakeUpControl</name>
         <value>0x800016cc</value>
         <object_component_ref idref="oc-11e"/>
      </symbol>
      <symbol id="sm-53b">
         <name>UARTResumeOperation</name>
         <value>0x800019a4</value>
         <object_component_ref idref="oc-11e"/>
      </symbol>
      <symbol id="sm-53c">
         <name>UARTRegConfModeRestore</name>
         <value>0x80000438</value>
         <object_component_ref idref="oc-11e"/>
      </symbol>
      <symbol id="sm-53d">
         <name>UARTSpaceAvail</name>
         <value>0x8000102c</value>
         <object_component_ref idref="oc-11e"/>
      </symbol>
      <symbol id="sm-53e">
         <name>UARTAutobaudSpeedGet</name>
         <value>0x80001c90</value>
         <object_component_ref idref="oc-11e"/>
      </symbol>
      <symbol id="sm-53f">
         <name>UARTCharGet</name>
         <value>0x80001198</value>
         <object_component_ref idref="oc-11e"/>
      </symbol>
      <symbol id="sm-540">
         <name>UARTSoftwareFlowCtrlOptSet</name>
         <value>0x800015ac</value>
         <object_component_ref idref="oc-11e"/>
      </symbol>
      <symbol id="sm-541">
         <name>UARTModemControlClear</name>
         <value>0x8000193c</value>
         <object_component_ref idref="oc-11e"/>
      </symbol>
      <symbol id="sm-542">
         <name>UARTRegConfigModeEnable</name>
         <value>0x800003c0</value>
         <object_component_ref idref="oc-11e"/>
      </symbol>
      <symbol id="sm-543">
         <name>UARTRXCTSDSRTransitionStatusGet</name>
         <value>0x80001b4c</value>
         <object_component_ref idref="oc-11e"/>
      </symbol>
      <symbol id="sm-544">
         <name>UARTTxEmptyIntControl</name>
         <value>0x80001ac4</value>
         <object_component_ref idref="oc-11e"/>
      </symbol>
      <symbol id="sm-545">
         <name>UARTParityModeGet</name>
         <value>0x80000558</value>
         <object_component_ref idref="oc-11e"/>
      </symbol>
      <symbol id="sm-546">
         <name>UARTBreakCtl</name>
         <value>0x80000458</value>
         <object_component_ref idref="oc-11e"/>
      </symbol>
      <symbol id="sm-547">
         <name>_system_post_cinit</name>
         <value>0x0</value>
      </symbol>
      <symbol id="sm-548">
         <name>__TI_Handler_Table_Base</name>
         <value>0x0</value>
      </symbol>
      <symbol id="sm-549">
         <name>__TI_Handler_Table_Limit</name>
         <value>0x0</value>
      </symbol>
      <symbol id="sm-54a">
         <name>__TI_CINIT_Limit</name>
         <value>0x0</value>
      </symbol>
      <symbol id="sm-54b">
         <name>__TI_CINIT_Base</name>
         <value>0x0</value>
      </symbol>
   </symbol_table>
   <title>Link successful</title>
</link_info>
